[2025-11-12 14:01:41] Controller started safely...
[2025-11-12 14:01:41] Mode change detected: base
[2025-11-12 14:01:41] Starting Base Station...
[2025-11-12 14:12:23] Controller started safely...
[2025-11-12 14:12:23] Mode change detected: base
[2025-11-12 14:12:23] Starting Base Station...
[2025-11-12 14:15:54] Mode change detected: rover
[2025-11-12 14:15:54] Stopping current process...
[2025-11-12 14:15:55] BaseStation exited normally.
[2025-11-12 14:15:56] Starting Rover Station...
[2025-11-12 14:31:05] Controller started safely...
[2025-11-12 14:31:05] Mode change detected: rover
[2025-11-12 14:31:05] Starting Rover Station...
[2025-11-12 14:36:32] Controller started safely...
[2025-11-12 14:36:32] Mode change detected: rover
[2025-11-12 14:36:32] Starting Rover Station...
[2025-11-12 14:43:28] Controller started safely...
[2025-11-12 14:43:28] Mode change detected: rover
[2025-11-12 14:43:28] Starting Rover Station...
[2025-11-12 14:44:48] Mode change detected: base
[2025-11-12 14:44:48] Stopping current process...
[2025-11-12 14:44:55] Starting Base Station...
[2025-11-12 14:45:21] RoverStation exited normally.
[2025-11-12 14:45:35] Mode change detected: rover
[2025-11-12 14:45:35] Stopping current process...
[2025-11-12 14:45:36] BaseStation exited normally.
[2025-11-12 14:45:37] Starting Rover Station...
[2025-11-12 14:46:17] Mode change detected: base
[2025-11-12 14:46:17] Stopping current process...
[2025-11-12 14:46:24] Starting Base Station...
[2025-11-12 14:46:50] RoverStation exited normally.
[2025-11-13 03:02:40] Controller started safely...
[2025-11-13 03:02:40] Mode change detected: base
[2025-11-13 03:02:40] Starting Base Station...
[2025-11-13 03:44:10] Controller started safely...
[2025-11-13 03:44:11] Mode change detected: base
[2025-11-13 03:44:11] Starting Base Station...
[2025-11-13 03:47:06] Controller started safely...
[2025-11-13 03:47:06] Mode change detected: base
[2025-11-13 03:47:06] Starting Base Station...
[2025-11-13 03:47:56] Mode change detected: rover
[2025-11-13 03:47:56] Stopping current process...
[2025-11-13 03:47:57] BaseStation exited normally.
[2025-11-13 03:47:58] Starting Rover Station...
[2025-11-13 07:14:18] Controller started safely...
[2025-11-13 07:14:18] Mode change detected: rover
[2025-11-13 07:14:18] Starting Rover Station...
[2025-11-17 08:48:41] Controller started safely...
[2025-11-17 08:48:41] Mode change detected: rover
[2025-11-17 08:48:41] Starting Rover Station...
[2025-11-17 09:03:11] Controller started safely...
[2025-11-17 09:03:11] Mode change detected: rover
[2025-11-17 09:03:11] Starting Rover Station...
[2025-11-17 09:14:14] Controller started safely...
[2025-11-17 09:14:14] Mode change detected: rover
[2025-11-17 09:14:14] Starting Rover Station...
[2025-11-17 09:29:53] Controller started safely...
[2025-11-17 09:29:53] Mode change detected: rover
[2025-11-17 09:29:53] Starting Rover Station...
[2025-11-17 09:36:06] Controller started safely...
[2025-11-17 09:36:07] Mode change detected: rover
[2025-11-17 09:36:07] Starting Rover Station...
[2025-11-17 10:36:58] Controller started safely...
[2025-11-17 10:36:58] Mode change detected: rover
[2025-11-17 10:36:58] Starting Rover Station...
[2025-11-17 10:50:14] Controller started safely...
[2025-11-17 10:50:15] Mode change detected: rover
[2025-11-17 10:50:15] Starting Rover Station...
[2025-11-17 10:54:19] Controller started safely...
[2025-11-17 10:54:19] Mode change detected: rover
[2025-11-17 10:54:19] Starting Rover Station...
[2025-11-19 03:51:44] Controller started safely...
[2025-11-19 03:51:45] Mode change detected: rover
[2025-11-19 03:51:45] Starting Rover Station...
[2025-11-19 06:02:07] Controller started safely...
[2025-11-19 06:02:07] Mode change detected: rover
[2025-11-19 06:02:07] Starting Rover Station...
[2025-11-19 08:01:13] Controller started safely...
[2025-11-19 08:01:14] Mode change detected: rover
[2025-11-19 08:01:14] Starting Rover Station...
[2025-11-19 08:10:07] Controller started safely...
[2025-11-19 08:10:07] Mode change detected: rover
[2025-11-19 08:10:07] Starting Rover Station...
[2025-11-19 08:25:47] Controller started safely...
[2025-11-19 08:25:47] Mode change detected: rover
[2025-11-19 08:25:47] Starting Rover Station...
[2025-11-19 08:31:11] Controller started safely...
[2025-11-19 08:31:11] Mode change detected: rover
[2025-11-19 08:31:11] Starting Rover Station...
[2025-11-19 08:33:48] Controller started safely...
[2025-11-19 08:33:48] Mode change detected: rover
[2025-11-19 08:33:48] Starting Rover Station...
[2025-11-19 08:46:50] Controller started safely...
[2025-11-19 08:46:50] Mode change detected: rover
[2025-11-19 08:46:50] Starting Rover Station...
[2025-11-19 10:36:52] Controller started safely...
[2025-11-19 10:36:53] Mode change detected: rover
[2025-11-19 10:36:53] Starting Rover Station...
[2025-11-20 03:11:09] Controller started safely...
[2025-11-20 03:11:10] Mode change detected: rover
[2025-11-20 03:11:10] Starting Rover Station...
[2025-11-20 04:33:07] Controller started safely...
[2025-11-20 04:33:08] Mode change detected: rover
[2025-11-20 04:33:08] Starting Rover Station...
[2025-11-20 04:34:50] Controller started safely...
[2025-11-20 04:34:50] Mode change detected: rover
[2025-11-20 04:34:50] Starting Rover Station...
[2025-11-20 04:48:34] Controller started safely...
[2025-11-20 04:48:34] Mode change detected: rover
[2025-11-20 04:48:34] Starting Rover Station...
[2025-11-20 04:58:16] Controller started safely...
[2025-11-20 04:58:17] Mode change detected: rover
[2025-11-20 04:58:17] Starting Rover Station...
[2025-11-20 04:59:27] Controller started safely...
[2025-11-20 04:59:27] Mode change detected: rover
[2025-11-20 04:59:27] Starting Rover Station...
[2025-11-20 05:06:38] Controller started safely...
[2025-11-20 05:06:39] Mode change detected: rover
[2025-11-20 05:06:39] Starting Rover Station...
[2025-11-20 05:07:48] Controller started safely...
[2025-11-20 05:07:48] Mode change detected: rover
[2025-11-20 05:07:48] Starting Rover Station...
[2025-11-20 07:04:26] Controller started safely...
[2025-11-20 07:04:26] Mode change detected: rover
[2025-11-20 07:04:26] Starting Rover Station...
